[DATA_POINT]
1="HTTP_404"
2="tcp_connect"
3="tcp_connection_count"
4="ssl_session_new"
5="mic_recv"
6="HTTP_200"
7="tcp_shutdown"
[END_TRANSACTION]
1="vuser_init_Transaction"
2="https://www.advantageonlineshopping.com/"
3="https://www.googletagmanager.com/gtag/js?id=G-TBPYED8WSW"
4="https://www.advantageonlineshopping.com/css/fonts/roboto_regular_macroman/Roboto-Regular-webfont.woff"
5="https://www.advantageonlineshopping.com/app/tempFiles/popularProducts.json"
6="https://www.advantageonlineshopping.com/css/images/Down_arrow.svg"
7="https://www.advantageonlineshopping.com/services.properties"
8="https://www.advantageonlineshopping.com/vendor/requirejs/require.js"
100="orderPayment-page.html_Action_315"
9="https://www.advantageonlineshopping.com/catalog/fetchImage?image_id=5201"
101="https://www.advantageonlineshopping.com/accountservice/ws/GetCountriesRequest"
102="https://www.advantageonlineshopping.com/css/images/Check.png"
103="GetCountriesRequest_Action_336"
104="checout"
105="order_payment"
106="vuser_end_Transaction"
10="https://www.advantageonlineshopping.com/css/main.min.css"
11="www.advantageonlineshoppi_Action_46"
12="https://www.advantageonlineshopping.com/catalog/api/v1/DemoAppConfig/parameters/by_tool/ALL"
13="https://www.advantageonlineshopping.com/css/fonts/roboto_light_macroman/Roboto-Light-webfont.woff"
14="https://www.advantageonlineshopping.com/css/fonts/roboto_medium_macroman/Roboto-Medium-webfont.woff"
15="ALL_Action_69"
16="https://www.advantageonlineshopping.com/catalog/fetchImage?image_id=1301"
17="https://www.advantageonlineshopping.com/catalog/fetchImage?image_id=1300"
18="https://www.advantageonlineshopping.com/catalog/fetchImage?image_id=1302"
19="https://www.advantageonlineshopping.com/css/images/User.jpg"
20="https://www.advantageonlineshopping.com/css/images/Shipex.png"
21="https://www.advantageonlineshopping.com/accountservice/ws/GetAccountConfigurationRequest"
22="GetAccountConfigurationRe_Action_93"
23="https://www.advantageonlineshopping.com/catalog/api/v1/categories"
24="categories_Action_106"
25="https://www.advantageonlineshopping.com/catalog/api/v1/deals/search?dealOfTheDay=true"
26="search_Action_116"
27="https://www.advantageonlineshopping.com/app/views/home-page.html"
28="https://www.advantageonlineshopping.com/app/views/css/images/Special-offer.jpg"
29="https://www.advantageonlineshopping.com/app/views/"
30="https://www.advantageonlineshopping.com/css/fonts/roboto_thin_macroman/Roboto-Thin-webfont.woff"
31="https://www.advantageonlineshopping.com/css/images/chat_logo.png"
32="https://www.advantageonlineshopping.com/css/fonts/roboto_bold_macroman/Roboto-Bold-webfont.woff"
33="home-page.html_Action_126"
34="https://www.advantageonlineshopping.com/main.min.js"
35="www.advantageonlineshoppi_Action_44"
36="ALL_Action_72"
37="ALL_Action_71"
38="GetAccountConfigurationRe_Action_97"
39="categories_Action_110"
40="search_Action_120"
41="GetAccountConfigurationRe_Action_96"
42="categories_Action_109"
43="search_Action_119"
44="home-page.html_Action_130"
45="home-page.html_Action_129"
46="https://www.advantageonlineshopping.com/accountservice/ws/AccountLoginRequest"
47="AccountLoginRequest_Action_151"
48="115181649_Action_179"
49="login"
50="AccountLoginRequest_Action_156"
51="115181649_Action_172"
52="115181649_Action_185"
53="AccountLoginRequest_Action_154"
54="115181649_Action_169"
55="115181649_Action_182"
56="https://www.advantageonlineshopping.com/catalog/api/v1/categories/5/products"
57="products_Action_197"
58="https://www.advantageonlineshopping.com/catalog/api/v1/categories/attributes"
59="attributes_Action_207"
60="https://www.advantageonlineshopping.com/app/views/category-page.html"
61="category-page.html_Action_217"
62="mice"
63="https://www.advantageonlineshopping.com/catalog/api/v1/categories/all_data"
64="all_data_Action_232"
65="https://www.advantageonlineshopping.com/catalog/api/v1/products/27"
66="27_Action_242"
67="https://www.advantageonlineshopping.com/app/views/product-page.html"
68="https://www.advantageonlineshopping.com/css/images/review_right.png"
69="https://www.advantageonlineshopping.com/css/images/review_Left_disabled.png"
70="https://www.advantageonlineshopping.com/css/images/reviewUser.png"
71="product-page.html_Action_252"
72="choos_mice"
73="all_data_Action_203"
74="https://www.advantageonlineshopping.com/catalog/api/v1/products/3"
75="3_Action_213"
76="product-page.html_Action_223"
77="spiceal_offer"
78="color"
79="quantity"
80="Action_Transaction"
81="115181649_Action_200"
82="https://www.advantageonlineshopping.com/app/views/shoppingCart.html"
83="https://www.advantageonlineshopping.com/css/images/Master_credit.png"
84="https://www.advantageonlineshopping.com/css/images/SafePay.png"
85="shoppingCart.html_Action_210"
86="busket"
87="414141_Action_270"
88="pay_mice"
89="https://www.advantageonlineshopping.com/accountservice/ws/GetAccountByIdRequest"
90="GetAccountByIdRequest_Action_235"
91="https://www.advantageonlineshopping.com/accountservice/ws/GetAccountByIdNewRequest"
92="GetAccountByIdNewRequest_Action_251"
93="115181649_Action_268"
94="https://www.advantageonlineshopping.com/order/api/v1/shippingcost/"
95="shippingcost_Action_281"
96="https://www.advantageonlineshopping.com/accountservice/ws/GetAccountPaymentPreferencesRequest"
97="GetAccountPaymentPrefere_Action_300"
98="https://www.advantageonlineshopping.com/app/order/views/orderPayment-page.html"
99="https://www.advantageonlineshopping.com/css/images/Bell.png"
